// Jest Snapshot v1, https://goo.gl/fbAQLP

exports[`ApplicationButton should render self 1`] = `ShallowWrapper {}`;
