// Jest Snapshot v1, https://goo.gl/fbAQLP

exports[`ContactOwnerButton should render self 1`] = `ShallowWrapper {}`;
