// Jest Snapshot v1, https://goo.gl/fbAQLP

exports[`setupItemWithProductPageUrl should render self 1`] = `ShallowWrapper {}`;
