// Jest Snapshot v1, https://goo.gl/fbAQLP

exports[`ProductsheetButton should render self 1`] = `ShallowWrapper {}`;
