// Jest Snapshot v1, https://goo.gl/fbAQLP

exports[`search_string_reducer should handle UPDATE_SEARCH_STRING 1`] = `"administrative enheter"`;
