// Jest Snapshot v1, https://goo.gl/fbAQLP

exports[`selected_searchresults_type_reducer should handle UPDATE_SELECTED_SEARCHRESULTS_TYPE 1`] = `"metadata"`;
