// Jest Snapshot v1, https://goo.gl/fbAQLP

exports[`download_item_actions fetchItemsToDownload Dispatches the correct action and payload 1`] = `
Array [
  Object {
    "payload": Array [],
    "type": "FETCH_ITEMS_TO_DOWNLOAD",
  },
]
`;
