// Jest Snapshot v1, https://goo.gl/fbAQLP

exports[`update_selected_search_results_type_actions updateSelectedSearchResultsType Dispatches the correct action and payload 1`] = `
Array [
  Object {
    "payload": "software",
    "type": "UPDATE_SELECTED_SEARCHRESULTS_TYPE",
  },
]
`;
