// Jest Snapshot v1, https://goo.gl/fbAQLP

exports[`MainNavigation should render self and subcomponents 1`] = `
ShallowWrapper {
  Symbol(enzyme.__root__): [Circular],
  Symbol(enzyme.__unrendered__): <MainNavigation
    fetchItemsToDownload={
      [MockFunction] {
        "calls": Array [
          Array [],
        ],
        "results": Array [
          Object {
            "isThrow": false,
            "value": undefined,
          },
        ],
      }
    }
    fetchMapItems={
      [MockFunction] {
        "calls": Array [
          Array [],
        ],
        "results": Array [
          Object {
            "isThrow": false,
            "value": undefined,
          },
        ],
      }
    }
    itemsToDownload={Array []}
    mapItems={Array []}
  />,
  Symbol(enzyme.__renderer__): Object {
    "batchedUpdates": [Function],
    "checkPropTypes": [Function],
    "getNode": [Function],
    "render": [Function],
    "simulateError": [Function],
    "simulateEvent": [Function],
    "unmount": [Function],
  },
  Symbol(enzyme.__node__): Object {
    "instance": null,
    "key": undefined,
    "nodeType": "host",
    "props": Object {
      "children": <div
        className="mainNavigation container"
      >
        <Link
          replace={false}
          to="/"
        >
          <div
            className="logo"
          >
            <img
              alt="Geonorge logo"
              src="test-file-stub"
            />
          </div>
        </Link>
        <div
          className="search"
        >
          <ErrorBoundary>
            <Connect(SearchBar) />
          </ErrorBoundary>
        </div>
        <Link
          replace={false}
          to="/kart"
        >
          <span
            className="iconButton"
          >
            <span
              className="counter"
            >
              0
            </span>
            <FontAwesomeIcon
              border={false}
              className="content1"
              fixedWidth={false}
              flip={null}
              icon="map-marker-alt"
              inverse={false}
              listItem={false}
              mask={null}
              pull={null}
              pulse={false}
              rotation={null}
              size={null}
              spin={false}
              symbol={false}
              title=""
              transform={null}
            />
          </span>
        </Link>
        <div
          className="openmap"
          onClick={[Function]}
        >
          <span
            className="iconButton"
          >
            <span
              className="counter"
            >
              0
            </span>
            <FontAwesomeIcon
              border={false}
              className="content1"
              fixedWidth={false}
              flip={null}
              icon="cloud-download"
              inverse={false}
              listItem={false}
              mask={null}
              pull={null}
              pulse={false}
              rotation={null}
              size={null}
              spin={false}
              symbol={false}
              title=""
              transform={null}
            />
          </span>
        </div>
        <div
          className="expandeddownload"
        >
          <Link
            replace={false}
            to="/nedlasting"
          >
            Åpne nedlastinger
          </Link>
          Liste over nedlastinger
        </div>
      </div>,
      "className": "mainNavigationContainer",
    },
    "ref": null,
    "rendered": Object {
      "instance": null,
      "key": undefined,
      "nodeType": "host",
      "props": Object {
        "children": Array [
          <Link
            replace={false}
            to="/"
          >
            <div
              className="logo"
            >
              <img
                alt="Geonorge logo"
                src="test-file-stub"
              />
            </div>
          </Link>,
          <div
            className="search"
          >
            <ErrorBoundary>
              <Connect(SearchBar) />
            </ErrorBoundary>
          </div>,
          <Link
            replace={false}
            to="/kart"
          >
            <span
              className="iconButton"
            >
              <span
                className="counter"
              >
                0
              </span>
              <FontAwesomeIcon
                border={false}
                className="content1"
                fixedWidth={false}
                flip={null}
                icon="map-marker-alt"
                inverse={false}
                listItem={false}
                mask={null}
                pull={null}
                pulse={false}
                rotation={null}
                size={null}
                spin={false}
                symbol={false}
                title=""
                transform={null}
              />
            </span>
          </Link>,
          <div
            className="openmap"
            onClick={[Function]}
          >
            <span
              className="iconButton"
            >
              <span
                className="counter"
              >
                0
              </span>
              <FontAwesomeIcon
                border={false}
                className="content1"
                fixedWidth={false}
                flip={null}
                icon="cloud-download"
                inverse={false}
                listItem={false}
                mask={null}
                pull={null}
                pulse={false}
                rotation={null}
                size={null}
                spin={false}
                symbol={false}
                title=""
                transform={null}
              />
            </span>
          </div>,
          <div
            className="expandeddownload"
          >
            <Link
              replace={false}
              to="/nedlasting"
            >
              Åpne nedlastinger
            </Link>
            Liste over nedlastinger
          </div>,
        ],
        "className": "mainNavigation container",
      },
      "ref": null,
      "rendered": Array [
        Object {
          "instance": null,
          "key": undefined,
          "nodeType": "class",
          "props": Object {
            "children": <div
              className="logo"
            >
              <img
                alt="Geonorge logo"
                src="test-file-stub"
              />
            </div>,
            "replace": false,
            "to": "/",
          },
          "ref": null,
          "rendered": Object {
            "instance": null,
            "key": undefined,
            "nodeType": "host",
            "props": Object {
              "children": <img
                alt="Geonorge logo"
                src="test-file-stub"
              />,
              "className": "logo",
            },
            "ref": null,
            "rendered": Object {
              "instance": null,
              "key": undefined,
              "nodeType": "host",
              "props": Object {
                "alt": "Geonorge logo",
                "src": "test-file-stub",
              },
              "ref": null,
              "rendered": null,
              "type": "img",
            },
            "type": "div",
          },
          "type": [Function],
        },
        Object {
          "instance": null,
          "key": undefined,
          "nodeType": "host",
          "props": Object {
            "children": <ErrorBoundary>
              <Connect(SearchBar) />
            </ErrorBoundary>,
            "className": "search",
          },
          "ref": null,
          "rendered": Object {
            "instance": null,
            "key": undefined,
            "nodeType": "class",
            "props": Object {
              "children": <Connect(SearchBar) />,
            },
            "ref": null,
            "rendered": Object {
              "instance": null,
              "key": undefined,
              "nodeType": "class",
              "props": Object {},
              "ref": null,
              "rendered": null,
              "type": [Function],
            },
            "type": [Function],
          },
          "type": "div",
        },
        Object {
          "instance": null,
          "key": undefined,
          "nodeType": "class",
          "props": Object {
            "children": <span
              className="iconButton"
            >
              <span
                className="counter"
              >
                0
              </span>
              <FontAwesomeIcon
                border={false}
                className="content1"
                fixedWidth={false}
                flip={null}
                icon="map-marker-alt"
                inverse={false}
                listItem={false}
                mask={null}
                pull={null}
                pulse={false}
                rotation={null}
                size={null}
                spin={false}
                symbol={false}
                title=""
                transform={null}
              />
            </span>,
            "replace": false,
            "to": "/kart",
          },
          "ref": null,
          "rendered": Object {
            "instance": null,
            "key": undefined,
            "nodeType": "host",
            "props": Object {
              "children": Array [
                <span
                  className="counter"
                >
                  0
                </span>,
                <FontAwesomeIcon
                  border={false}
                  className="content1"
                  fixedWidth={false}
                  flip={null}
                  icon="map-marker-alt"
                  inverse={false}
                  listItem={false}
                  mask={null}
                  pull={null}
                  pulse={false}
                  rotation={null}
                  size={null}
                  spin={false}
                  symbol={false}
                  title=""
                  transform={null}
                />,
              ],
              "className": "iconButton",
            },
            "ref": null,
            "rendered": Array [
              Object {
                "instance": null,
                "key": undefined,
                "nodeType": "host",
                "props": Object {
                  "children": 0,
                  "className": "counter",
                },
                "ref": null,
                "rendered": 0,
                "type": "span",
              },
              Object {
                "instance": null,
                "key": "map-alt",
                "nodeType": "function",
                "props": Object {
                  "border": false,
                  "className": "content1",
                  "fixedWidth": false,
                  "flip": null,
                  "icon": "map-marker-alt",
                  "inverse": false,
                  "listItem": false,
                  "mask": null,
                  "pull": null,
                  "pulse": false,
                  "rotation": null,
                  "size": null,
                  "spin": false,
                  "symbol": false,
                  "title": "",
                  "transform": null,
                },
                "ref": null,
                "rendered": null,
                "type": [Function],
              },
            ],
            "type": "span",
          },
          "type": [Function],
        },
        Object {
          "instance": null,
          "key": undefined,
          "nodeType": "host",
          "props": Object {
            "children": <span
              className="iconButton"
            >
              <span
                className="counter"
              >
                0
              </span>
              <FontAwesomeIcon
                border={false}
                className="content1"
                fixedWidth={false}
                flip={null}
                icon="cloud-download"
                inverse={false}
                listItem={false}
                mask={null}
                pull={null}
                pulse={false}
                rotation={null}
                size={null}
                spin={false}
                symbol={false}
                title=""
                transform={null}
              />
            </span>,
            "className": "openmap",
            "onClick": [Function],
          },
          "ref": null,
          "rendered": Object {
            "instance": null,
            "key": undefined,
            "nodeType": "host",
            "props": Object {
              "children": Array [
                <span
                  className="counter"
                >
                  0
                </span>,
                <FontAwesomeIcon
                  border={false}
                  className="content1"
                  fixedWidth={false}
                  flip={null}
                  icon="cloud-download"
                  inverse={false}
                  listItem={false}
                  mask={null}
                  pull={null}
                  pulse={false}
                  rotation={null}
                  size={null}
                  spin={false}
                  symbol={false}
                  title=""
                  transform={null}
                />,
              ],
              "className": "iconButton",
            },
            "ref": null,
            "rendered": Array [
              Object {
                "instance": null,
                "key": undefined,
                "nodeType": "host",
                "props": Object {
                  "children": 0,
                  "className": "counter",
                },
                "ref": null,
                "rendered": 0,
                "type": "span",
              },
              Object {
                "instance": null,
                "key": undefined,
                "nodeType": "function",
                "props": Object {
                  "border": false,
                  "className": "content1",
                  "fixedWidth": false,
                  "flip": null,
                  "icon": "cloud-download",
                  "inverse": false,
                  "listItem": false,
                  "mask": null,
                  "pull": null,
                  "pulse": false,
                  "rotation": null,
                  "size": null,
                  "spin": false,
                  "symbol": false,
                  "title": "",
                  "transform": null,
                },
                "ref": null,
                "rendered": null,
                "type": [Function],
              },
            ],
            "type": "span",
          },
          "type": "div",
        },
        Object {
          "instance": null,
          "key": undefined,
          "nodeType": "host",
          "props": Object {
            "children": Array [
              <Link
                replace={false}
                to="/nedlasting"
              >
                Åpne nedlastinger
              </Link>,
              "Liste over nedlastinger",
            ],
            "className": "expandeddownload",
          },
          "ref": null,
          "rendered": Array [
            Object {
              "instance": null,
              "key": undefined,
              "nodeType": "class",
              "props": Object {
                "children": "Åpne nedlastinger",
                "replace": false,
                "to": "/nedlasting",
              },
              "ref": null,
              "rendered": "Åpne nedlastinger",
              "type": [Function],
            },
            "Liste over nedlastinger",
          ],
          "type": "div",
        },
      ],
      "type": "div",
    },
    "type": "div",
  },
  Symbol(enzyme.__nodes__): Array [
    Object {
      "instance": null,
      "key": undefined,
      "nodeType": "host",
      "props": Object {
        "children": <div
          className="mainNavigation container"
        >
          <Link
            replace={false}
            to="/"
          >
            <div
              className="logo"
            >
              <img
                alt="Geonorge logo"
                src="test-file-stub"
              />
            </div>
          </Link>
          <div
            className="search"
          >
            <ErrorBoundary>
              <Connect(SearchBar) />
            </ErrorBoundary>
          </div>
          <Link
            replace={false}
            to="/kart"
          >
            <span
              className="iconButton"
            >
              <span
                className="counter"
              >
                0
              </span>
              <FontAwesomeIcon
                border={false}
                className="content1"
                fixedWidth={false}
                flip={null}
                icon="map-marker-alt"
                inverse={false}
                listItem={false}
                mask={null}
                pull={null}
                pulse={false}
                rotation={null}
                size={null}
                spin={false}
                symbol={false}
                title=""
                transform={null}
              />
            </span>
          </Link>
          <div
            className="openmap"
            onClick={[Function]}
          >
            <span
              className="iconButton"
            >
              <span
                className="counter"
              >
                0
              </span>
              <FontAwesomeIcon
                border={false}
                className="content1"
                fixedWidth={false}
                flip={null}
                icon="cloud-download"
                inverse={false}
                listItem={false}
                mask={null}
                pull={null}
                pulse={false}
                rotation={null}
                size={null}
                spin={false}
                symbol={false}
                title=""
                transform={null}
              />
            </span>
          </div>
          <div
            className="expandeddownload"
          >
            <Link
              replace={false}
              to="/nedlasting"
            >
              Åpne nedlastinger
            </Link>
            Liste over nedlastinger
          </div>
        </div>,
        "className": "mainNavigationContainer",
      },
      "ref": null,
      "rendered": Object {
        "instance": null,
        "key": undefined,
        "nodeType": "host",
        "props": Object {
          "children": Array [
            <Link
              replace={false}
              to="/"
            >
              <div
                className="logo"
              >
                <img
                  alt="Geonorge logo"
                  src="test-file-stub"
                />
              </div>
            </Link>,
            <div
              className="search"
            >
              <ErrorBoundary>
                <Connect(SearchBar) />
              </ErrorBoundary>
            </div>,
            <Link
              replace={false}
              to="/kart"
            >
              <span
                className="iconButton"
              >
                <span
                  className="counter"
                >
                  0
                </span>
                <FontAwesomeIcon
                  border={false}
                  className="content1"
                  fixedWidth={false}
                  flip={null}
                  icon="map-marker-alt"
                  inverse={false}
                  listItem={false}
                  mask={null}
                  pull={null}
                  pulse={false}
                  rotation={null}
                  size={null}
                  spin={false}
                  symbol={false}
                  title=""
                  transform={null}
                />
              </span>
            </Link>,
            <div
              className="openmap"
              onClick={[Function]}
            >
              <span
                className="iconButton"
              >
                <span
                  className="counter"
                >
                  0
                </span>
                <FontAwesomeIcon
                  border={false}
                  className="content1"
                  fixedWidth={false}
                  flip={null}
                  icon="cloud-download"
                  inverse={false}
                  listItem={false}
                  mask={null}
                  pull={null}
                  pulse={false}
                  rotation={null}
                  size={null}
                  spin={false}
                  symbol={false}
                  title=""
                  transform={null}
                />
              </span>
            </div>,
            <div
              className="expandeddownload"
            >
              <Link
                replace={false}
                to="/nedlasting"
              >
                Åpne nedlastinger
              </Link>
              Liste over nedlastinger
            </div>,
          ],
          "className": "mainNavigation container",
        },
        "ref": null,
        "rendered": Array [
          Object {
            "instance": null,
            "key": undefined,
            "nodeType": "class",
            "props": Object {
              "children": <div
                className="logo"
              >
                <img
                  alt="Geonorge logo"
                  src="test-file-stub"
                />
              </div>,
              "replace": false,
              "to": "/",
            },
            "ref": null,
            "rendered": Object {
              "instance": null,
              "key": undefined,
              "nodeType": "host",
              "props": Object {
                "children": <img
                  alt="Geonorge logo"
                  src="test-file-stub"
                />,
                "className": "logo",
              },
              "ref": null,
              "rendered": Object {
                "instance": null,
                "key": undefined,
                "nodeType": "host",
                "props": Object {
                  "alt": "Geonorge logo",
                  "src": "test-file-stub",
                },
                "ref": null,
                "rendered": null,
                "type": "img",
              },
              "type": "div",
            },
            "type": [Function],
          },
          Object {
            "instance": null,
            "key": undefined,
            "nodeType": "host",
            "props": Object {
              "children": <ErrorBoundary>
                <Connect(SearchBar) />
              </ErrorBoundary>,
              "className": "search",
            },
            "ref": null,
            "rendered": Object {
              "instance": null,
              "key": undefined,
              "nodeType": "class",
              "props": Object {
                "children": <Connect(SearchBar) />,
              },
              "ref": null,
              "rendered": Object {
                "instance": null,
                "key": undefined,
                "nodeType": "class",
                "props": Object {},
                "ref": null,
                "rendered": null,
                "type": [Function],
              },
              "type": [Function],
            },
            "type": "div",
          },
          Object {
            "instance": null,
            "key": undefined,
            "nodeType": "class",
            "props": Object {
              "children": <span
                className="iconButton"
              >
                <span
                  className="counter"
                >
                  0
                </span>
                <FontAwesomeIcon
                  border={false}
                  className="content1"
                  fixedWidth={false}
                  flip={null}
                  icon="map-marker-alt"
                  inverse={false}
                  listItem={false}
                  mask={null}
                  pull={null}
                  pulse={false}
                  rotation={null}
                  size={null}
                  spin={false}
                  symbol={false}
                  title=""
                  transform={null}
                />
              </span>,
              "replace": false,
              "to": "/kart",
            },
            "ref": null,
            "rendered": Object {
              "instance": null,
              "key": undefined,
              "nodeType": "host",
              "props": Object {
                "children": Array [
                  <span
                    className="counter"
                  >
                    0
                  </span>,
                  <FontAwesomeIcon
                    border={false}
                    className="content1"
                    fixedWidth={false}
                    flip={null}
                    icon="map-marker-alt"
                    inverse={false}
                    listItem={false}
                    mask={null}
                    pull={null}
                    pulse={false}
                    rotation={null}
                    size={null}
                    spin={false}
                    symbol={false}
                    title=""
                    transform={null}
                  />,
                ],
                "className": "iconButton",
              },
              "ref": null,
              "rendered": Array [
                Object {
                  "instance": null,
                  "key": undefined,
                  "nodeType": "host",
                  "props": Object {
                    "children": 0,
                    "className": "counter",
                  },
                  "ref": null,
                  "rendered": 0,
                  "type": "span",
                },
                Object {
                  "instance": null,
                  "key": "map-alt",
                  "nodeType": "function",
                  "props": Object {
                    "border": false,
                    "className": "content1",
                    "fixedWidth": false,
                    "flip": null,
                    "icon": "map-marker-alt",
                    "inverse": false,
                    "listItem": false,
                    "mask": null,
                    "pull": null,
                    "pulse": false,
                    "rotation": null,
                    "size": null,
                    "spin": false,
                    "symbol": false,
                    "title": "",
                    "transform": null,
                  },
                  "ref": null,
                  "rendered": null,
                  "type": [Function],
                },
              ],
              "type": "span",
            },
            "type": [Function],
          },
          Object {
            "instance": null,
            "key": undefined,
            "nodeType": "host",
            "props": Object {
              "children": <span
                className="iconButton"
              >
                <span
                  className="counter"
                >
                  0
                </span>
                <FontAwesomeIcon
                  border={false}
                  className="content1"
                  fixedWidth={false}
                  flip={null}
                  icon="cloud-download"
                  inverse={false}
                  listItem={false}
                  mask={null}
                  pull={null}
                  pulse={false}
                  rotation={null}
                  size={null}
                  spin={false}
                  symbol={false}
                  title=""
                  transform={null}
                />
              </span>,
              "className": "openmap",
              "onClick": [Function],
            },
            "ref": null,
            "rendered": Object {
              "instance": null,
              "key": undefined,
              "nodeType": "host",
              "props": Object {
                "children": Array [
                  <span
                    className="counter"
                  >
                    0
                  </span>,
                  <FontAwesomeIcon
                    border={false}
                    className="content1"
                    fixedWidth={false}
                    flip={null}
                    icon="cloud-download"
                    inverse={false}
                    listItem={false}
                    mask={null}
                    pull={null}
                    pulse={false}
                    rotation={null}
                    size={null}
                    spin={false}
                    symbol={false}
                    title=""
                    transform={null}
                  />,
                ],
                "className": "iconButton",
              },
              "ref": null,
              "rendered": Array [
                Object {
                  "instance": null,
                  "key": undefined,
                  "nodeType": "host",
                  "props": Object {
                    "children": 0,
                    "className": "counter",
                  },
                  "ref": null,
                  "rendered": 0,
                  "type": "span",
                },
                Object {
                  "instance": null,
                  "key": undefined,
                  "nodeType": "function",
                  "props": Object {
                    "border": false,
                    "className": "content1",
                    "fixedWidth": false,
                    "flip": null,
                    "icon": "cloud-download",
                    "inverse": false,
                    "listItem": false,
                    "mask": null,
                    "pull": null,
                    "pulse": false,
                    "rotation": null,
                    "size": null,
                    "spin": false,
                    "symbol": false,
                    "title": "",
                    "transform": null,
                  },
                  "ref": null,
                  "rendered": null,
                  "type": [Function],
                },
              ],
              "type": "span",
            },
            "type": "div",
          },
          Object {
            "instance": null,
            "key": undefined,
            "nodeType": "host",
            "props": Object {
              "children": Array [
                <Link
                  replace={false}
                  to="/nedlasting"
                >
                  Åpne nedlastinger
                </Link>,
                "Liste over nedlastinger",
              ],
              "className": "expandeddownload",
            },
            "ref": null,
            "rendered": Array [
              Object {
                "instance": null,
                "key": undefined,
                "nodeType": "class",
                "props": Object {
                  "children": "Åpne nedlastinger",
                  "replace": false,
                  "to": "/nedlasting",
                },
                "ref": null,
                "rendered": "Åpne nedlastinger",
                "type": [Function],
              },
              "Liste over nedlastinger",
            ],
            "type": "div",
          },
        ],
        "type": "div",
      },
      "type": "div",
    },
  ],
  Symbol(enzyme.__options__): Object {
    "adapter": ReactSixteenAdapter {
      "options": Object {
        "enableComponentDidUpdateOnSetState": true,
        "legacyContextMode": "parent",
        "lifecycles": Object {
          "componentDidUpdate": Object {
            "onSetState": true,
          },
          "getChildContext": Object {
            "calledByRenderer": false,
          },
          "getDerivedStateFromProps": true,
          "getSnapshotBeforeUpdate": true,
          "setState": Object {
            "skipsComponentDidUpdateOnNullish": true,
          },
        },
      },
    },
  },
}
`;
